// Vitest Snapshot v1, https://vitest.dev/guide/snapshot.html

exports[`PageLayout > renders slots 1`] = `"<div class="mx-auto max-w-7xl px-4 py-8"><div class="flex flex-wrap items-start justify-between gap-4"><div><h1 class="text-2xl font-semibold tracking-tight">Books</h1><p class="text-muted-foreground">subtitle</p></div><button type="button">new</button></div><div class="mt-6"><div>filters</div></div><div><div>content</div></div></div>"`;
